Downloading SRR36255135
spots read      : 1,227,302
reads read      : 2,454,604
reads written   : 2,454,604
Downloading SRR36255124
spots read      : 793,427
reads read      : 1,586,854
reads written   : 1,586,854
Downloading SRR36255106
spots read      : 1,149,038
reads read      : 2,298,076
reads written   : 2,298,076
Downloading SRR36255126
spots read      : 1,024,957
reads read      : 2,049,914
reads written   : 2,049,914
Downloading SRR36255125
spots read      : 994,033
reads read      : 1,988,066
reads written   : 1,988,066
Downloading SRR36788088
spots read      : 843,130
reads read      : 1,686,260
reads written   : 1,686,260
Downloading SRR36255118
spots read      : 699,256
reads read      : 1,398,512
reads written   : 1,398,512
Downloading SRR33984279
spots read      : 737,579
reads read      : 1,475,158
reads written   : 1,475,158
Downloading SRR34157520
spots read      : 563,537
reads read      : 1,127,074
reads written   : 1,127,074
Downloading SRR34157519
spots read      : 435,906
reads read      : 871,812
reads written   : 871,812
Downloading SRR34157518
spots read      : 451,473
reads read      : 902,946
reads written   : 902,946
Downloading SRR34157517
spots read      : 442,360
reads read      : 884,720
reads written   : 884,720
Downloading SRR34323655
spots read      : 511,160
reads read      : 1,022,320
reads written   : 1,022,320
Downloading SRR34559556
spots read      : 521,384
reads read      : 1,042,768
reads written   : 1,042,768
Downloading SRR34657797
spots read      : 974,593
reads read      : 1,949,186
reads written   : 1,949,186
Downloading SRR34559555
spots read      : 695,840
reads read      : 1,391,680
reads written   : 1,391,680
Downloading SRR33893821
spots read      : 513,338
reads read      : 1,026,676
reads written   : 1,026,676
Downloading SRR37210572
spots read      : 942,646
reads read      : 1,885,292
reads written   : 1,885,292
Downloading SRR37210564
spots read      : 960,071
reads read      : 1,920,142
reads written   : 1,920,142
Downloading SRR37211280
spots read      : 658,310
reads read      : 1,316,620
reads written   : 1,316,620
Downloading SRR37211273
spots read      : 505,241
reads read      : 1,010,482
reads written   : 1,010,482
Downloading SRR37398810
spots read      : 645,727
reads read      : 1,291,454
reads written   : 1,291,454
Downloading SRR37398817
spots read      : 764,533
reads read      : 1,529,066
reads written   : 1,529,066
Downloading SRR37468327
spots read      : 472,099
reads read      : 944,198
reads written   : 944,198
Downloading SRR37468326
spots read      : 604,949
reads read      : 1,209,898
reads written   : 1,209,898
Downloading SRR37210571
spots read      : 976,867
reads read      : 1,953,734
reads written   : 1,953,734
Downloading SRR37398811
spots read      : 458,557
reads read      : 917,114
reads written   : 917,114
Downloading SRR30224866
spots read      : 764,046
reads read      : 1,528,092
reads written   : 1,528,092
Downloading SRR34547107
spots read      : 745,682
reads read      : 1,491,364
reads written   : 1,491,364
Downloading SRR29437671
spots read      : 808,971
reads read      : 1,617,942
reads written   : 1,617,942
Downloading SRR29517191
spots read      : 1,029,147
reads read      : 2,058,294
reads written   : 2,058,294
Downloading SRR30224867
spots read      : 485,252
reads read      : 970,504
reads written   : 970,504
Downloading SRR37211287
spots read      : 744,697
reads read      : 1,489,394
reads written   : 1,489,394
Downloading SRR37114319
spots read      : 1,094,227
reads read      : 2,188,454
reads written   : 2,188,454
Downloading SRR37468329
spots read      : 806,377
reads read      : 1,612,754
reads written   : 1,612,754
